  Determining projects to restore...
  All projects are up-to-date for restore.
  BabyTracker.Domain -> C:\Users\nithin.joy\OneDrive - Datacom\Desktop\BabyTracker\backend\src\BabyTracker.Domain\bin\Debug\net9.0\BabyTracker.Domain.dll
C:\Users\nithin.joy\OneDrive - Datacom\Desktop\BabyTracker\backend\src\BabyTracker.Application\Services\AuthService.cs(25,9): error CS0103: The name '_config' does not exist in the current context [C:\Users\nithin.joy\OneDrive - Datacom\Desktop\BabyTracker\backend\src\BabyTracker.Application\BabyTracker.Application.csproj]
C:\Users\nithin.joy\OneDrive - Datacom\Desktop\BabyTracker\backend\src\BabyTracker.Application\Services\AuthService.cs(141,13): error CS0103: The name '_config' does not exist in the current context [C:\Users\nithin.joy\OneDrive - Datacom\Desktop\BabyTracker\backend\src\BabyTracker.Application\BabyTracker.Application.csproj]
C:\Users\nithin.joy\OneDrive - Datacom\Desktop\BabyTracker\backend\src\BabyTracker.Application\Services\AuthService.cs(153,21): error CS0103: The name '_config' does not exist in the current context [C:\Users\nithin.joy\OneDrive - Datacom\Desktop\BabyTracker\backend\src\BabyTracker.Application\BabyTracker.Application.csproj]
C:\Users\nithin.joy\OneDrive - Datacom\Desktop\BabyTracker\backend\src\BabyTracker.Application\Services\AuthService.cs(154,23): error CS0103: The name '_config' does not exist in the current context [C:\Users\nithin.joy\OneDrive - Datacom\Desktop\BabyTracker\backend\src\BabyTracker.Application\BabyTracker.Application.csproj]

Build FAILED.

C:\Users\nithin.joy\OneDrive - Datacom\Desktop\BabyTracker\backend\src\BabyTracker.Application\Services\AuthService.cs(25,9): error CS0103: The name '_config' does not exist in the current context [C:\Users\nithin.joy\OneDrive - Datacom\Desktop\BabyTracker\backend\src\BabyTracker.Application\BabyTracker.Application.csproj]
C:\Users\nithin.joy\OneDrive - Datacom\Desktop\BabyTracker\backend\src\BabyTracker.Application\Services\AuthService.cs(141,13): error CS0103: The name '_config' does not exist in the current context [C:\Users\nithin.joy\OneDrive - Datacom\Desktop\BabyTracker\backend\src\BabyTracker.Application\BabyTracker.Application.csproj]
C:\Users\nithin.joy\OneDrive - Datacom\Desktop\BabyTracker\backend\src\BabyTracker.Application\Services\AuthService.cs(153,21): error CS0103: The name '_config' does not exist in the current context [C:\Users\nithin.joy\OneDrive - Datacom\Desktop\BabyTracker\backend\src\BabyTracker.Application\BabyTracker.Application.csproj]
C:\Users\nithin.joy\OneDrive - Datacom\Desktop\BabyTracker\backend\src\BabyTracker.Application\Services\AuthService.cs(154,23): error CS0103: The name '_config' does not exist in the current context [C:\Users\nithin.joy\OneDrive - Datacom\Desktop\BabyTracker\backend\src\BabyTracker.Application\BabyTracker.Application.csproj]
    0 Warning(s)
    4 Error(s)

Time Elapsed 00:00:02.55
